PS C:\Users\Raghava.Medisetty.APPLIEDIS\OneDrive - Applied Information Sciences\Desktop\test-git> git init
Initialized empty Git repository in C:/Users/Raghava.Medisetty.APPLIEDIS/OneDrive - Applied Information Sciences/Desktop/test-git/.git/
PS C:\Users\Raghava.Medisetty.APPLIEDIS\OneDrive - Applied Information Sciences\Desktop\test-git> git add f1.txt
PS C:\Users\Raghava.Medisetty.APPLIEDIS\OneDrive - Applied Information Sciences\Desktop\test-git> git add f2.txt
PS C:\Users\Raghava.Medisetty.APPLIEDIS\OneDrive - Applied Information Sciences\Desktop\test-git> git add .
PS C:\Users\Raghava.Medisetty.APPLIEDIS\OneDrive - Applied Information Sciences\Desktop\test-git> git status
On branch master

No commits yet

Changes to be committed:
  (use "git rm --cached <file>..." to unstage)
        new file:   f1.txt
        new file:   f2.txt
        new file:   f3.txt

PS C:\Users\Raghava.Medisetty.APPLIEDIS\OneDrive - Applied Information Sciences\Desktop\test-git> git config --list
diff.astextplain.textconv=astextplain
filter.lfs.clean=git-lfs clean -- %f
filter.lfs.smudge=git-lfs smudge -- %f
filter.lfs.process=git-lfs filter-process
filter.lfs.required=true
http.sslbackend=openssl
http.sslcainfo=C:/Program Files/Git/mingw64/ssl/certs/ca-bundle.crt
core.autocrlf=true
core.fscache=true
core.symlinks=true
pull.rebase=false
credential.helper=manager-core
credential.https://dev.azure.com.usehttppath=true
init.defaultbranch=master
core.repositoryformatversion=0
core.filemode=false
core.bare=false
core.logallrefupdates=true
core.ignorecase=true
PS C:\Users\Raghava.Medisetty.APPLIEDIS\OneDrive - Applied Information Sciences\Desktop\test-git> git commit
Aborting commit due to empty commit message.
PS C:\Users\Raghava.Medisetty.APPLIEDIS\OneDrive - Applied Information Sciences\Desktop\test-git> git config --global user.name "Raghava M"
PS C:\Users\Raghava.Medisetty.APPLIEDIS\OneDrive - Applied Information Sciences\Desktop\test-git> git config --global user.email "raghava.cloud432@gmail.com"
PS C:\Users\Raghava.Medisetty.APPLIEDIS\OneDrive - Applied Information Sciences\Desktop\test-git> git config --list
diff.astextplain.textconv=astextplain
filter.lfs.clean=git-lfs clean -- %f
filter.lfs.smudge=git-lfs smudge -- %f
filter.lfs.process=git-lfs filter-process
filter.lfs.required=true
http.sslbackend=openssl
http.sslcainfo=C:/Program Files/Git/mingw64/ssl/certs/ca-bundle.crt
core.autocrlf=true
core.fscache=true
core.symlinks=true
pull.rebase=false
credential.helper=manager-core
credential.https://dev.azure.com.usehttppath=true
init.defaultbranch=master
user.name=Raghava M
user.email=raghava.cloud432@gmail.com
core.repositoryformatversion=0
core.filemode=false
core.bare=false
core.logallrefupdates=true
core.ignorecase=true
PS C:\Users\Raghava.Medisetty.APPLIEDIS\OneDrive - Applied Information Sciences\Desktop\test-git> git commit -m "My first test commit"
[master (root-commit) 2fad5a8] My first test commit
 3 files changed, 3 insertions(+)
 create mode 100644 f1.txt
 create mode 100644 f2.txt
 create mode 100644 f3.txt
PS C:\Users\Raghava.Medisetty.APPLIEDIS\OneDrive - Applied Information Sciences\Desktop\test-git> git status
On branch master
nothing to commit, working tree clean
PS C:\Users\Raghava.Medisetty.APPLIEDIS\OneDrive - Applied Information Sciences\Desktop\test-git> git log
commit 2fad5a8da0e10f12f678bd48a0b941e1533bf4a7 (HEAD -> master)
Author: Raghava M <raghava.cloud432@gmail.com>
Date:   Sat Aug 13 15:25:25 2022 +0530

    My first test commit
PS C:\Users\Raghava.Medisetty.APPLIEDIS\OneDrive - Applied Information Sciences\Desktop\test-git>

